Microsoft Windows [Version 10.0.19042.1110]
(c) Microsoft Corporation. All rights reserved.

C:\Users\Prashant>f:

F:\>cd git

F:\Git>git clone https://github.com/ppawar93/web_mywatchlist.git
Cloning into 'web_mywatchlist'...
remote: Enumerating objects: 113, done.
remote: Counting objects: 100% (1/1), done.
remote: Total 113 (delta 0), reused 0 (delta 0), pack-reused 112Receiving objects:  98% (111/113), 7.79 MiB | 608.00 KiB/s
Receiving objects: 100% (113/113), 8.05 MiB | 625.00 KiB/s, done.
Resolving deltas: 100% (19/19), done.

F:\Git>git status
fatal: not a git repository (or any of the parent directories): .git

F:\Git>dir
 Volume in drive F is Prashant
 Volume Serial Number is 12C4-9466

 Directory of F:\Git

08/02/2021  01:31 PM    <DIR>          .
08/02/2021  01:31 PM    <DIR>          ..
08/02/2021  01:31 PM    <DIR>          web_mywatchlist
               0 File(s)              0 bytes
               3 Dir(s)   9,700,929,536 bytes free

F:\Git>cd  web_mywatchlist

F:\Git\web_mywatchlist>git status
On branch master
Your branch is up to date with 'origin/master'.

Changes not staged for commit:
  (use "git add <file>..." to update what will be committed)
  (use "git restore <file>..." to discard changes in working directory)
        modified:   VidelyMovie2017/Views/Account/Login2.cshtml

Untracked files:
  (use "git add <file>..." to include in what will be committed)
        VidelyMovie2017/AboutProj.txt

no changes added to commit (use "git add" and/or "git commit -a")

F:\Git\web_mywatchlist>git remote
origin

F:\Git\web_mywatchlist>git remote --v
origin  https://github.com/ppawar93/web_mywatchlist.git (fetch)
origin  https://github.com/ppawar93/web_mywatchlist.git (push)

F:\Git\web_mywatchlist>git remote add upstream https://github.com/PrashantPPawar/web_mywatchlist.git

F:\Git\web_mywatchlist>git remote --v
origin  https://github.com/ppawar93/web_mywatchlist.git (fetch)
origin  https://github.com/ppawar93/web_mywatchlist.git (push)
upstream        https://github.com/PrashantPPawar/web_mywatchlist.git (fetch)
upstream        https://github.com/PrashantPPawar/web_mywatchlist.git (push)

F:\Git\web_mywatchlist>git fetch upstream
remote: Enumerating objects: 7, done.
remote: Counting objects: 100% (2/2), done.
remote: Total 7 (delta 2), reused 2 (delta 2), pack-reused 5
Unpacking objects: 100% (7/7), 1.52 KiB | 4.00 KiB/s, done.
From https://github.com/PrashantPPawar/web_mywatchlist
 * [new branch]      dependabot/nuget/VidelyMovie2017/bootstrap-3.4.1 -> upstream/dependabot/nuget/VidelyMovie2017/bootstrap-3.4.1
 * [new branch]      master     -> upstream/master

F:\Git\web_mywatchlist>git rebase upstream/master
error: cannot rebase: You have unstaged changes.
error: Please commit or stash them.

F:\Git\web_mywatchlist>git stash
Saved working directory and index state WIP on master: 695000b added project

F:\Git\web_mywatchlist>git status
On branch master
Your branch is up to date with 'origin/master'.

Untracked files:
  (use "git add <file>..." to include in what will be committed)
        VidelyMovie2017/AboutProj.txt

nothing added to commit but untracked files present (use "git add" to track)

F:\Git\web_mywatchlist>git rebase upstream/master
Successfully rebased and updated refs/heads/master.

F:\Git\web_mywatchlist>git status
On branch master
Your branch is ahead of 'origin/master' by 1 commit.
  (use "git push" to publish your local commits)

Changes not staged for commit:
  (use "git add <file>..." to update what will be committed)
  (use "git restore <file>..." to discard changes in working directory)
        modified:   VidelyMovie2017/Views/Account/Login2.cshtml

Untracked files:
  (use "git add <file>..." to include in what will be committed)
        VidelyMovie2017/AboutProj.txt

no changes added to commit (use "git add" and/or "git commit -a")

F:\Git\web_mywatchlist>git add.
git: 'add.' is not a git command. See 'git --help'.

The most similar command is
        add

F:\Git\web_mywatchlist>git add .

F:\Git\web_mywatchlist>git commit -m 'Test PR and Code Review Fork'
error: pathspec 'PR' did not match any file(s) known to git
error: pathspec 'and' did not match any file(s) known to git
error: pathspec 'Code' did not match any file(s) known to git
error: pathspec 'Review' did not match any file(s) known to git
error: pathspec 'Fork'' did not match any file(s) known to git

F:\Git\web_mywatchlist>git commit -m 'Test-PR-and-Code-Review-Fork'
[master 5d0340c] 'Test-PR-and-Code-Review-Fork'
 2 files changed, 2 insertions(+), 1 deletion(-)
 create mode 100644 VidelyMovie2017/AboutProj.txt

F:\Git\web_mywatchlist>git push origin 'Test-PR-Code-Review-Fork'
error: src refspec 'Test-PR-Code-Review-Fork' does not match any
error: failed to push some refs to 'https://github.com/ppawar93/web_mywatchlist.git'

F:\Git\web_mywatchlist>git push origin Test-PR-Code-Review-Fork
error: src refspec Test-PR-Code-Review-Fork does not match any
error: failed to push some refs to 'https://github.com/ppawar93/web_mywatchlist.git'

F:\Git\web_mywatchlist>git push origin Test
error: src refspec Test does not match any
error: failed to push some refs to 'https://github.com/ppawar93/web_mywatchlist.git'

F:\Git\web_mywatchlist>git push origin master
info: please complete authentication in your browser...
Enumerating objects: 12, done.
Counting objects: 100% (12/12), done.
Delta compression using up to 4 threads
Compressing objects: 100% (6/6), done.
Writing objects: 100% (7/7), 586 bytes | 146.00 KiB/s, done.
Total 7 (delta 4), reused 0 (delta 0), pack-reused 0
remote: Resolving deltas: 100% (4/4), completed with 4 local objects.
To https://github.com/ppawar93/web_mywatchlist.git
   695000b..5d0340c  master -> master

F:\Git\web_mywatchlist>git push origin master
Everything up-to-date

F:\Git\web_mywatchlist>
F:\Git\web_mywatchlist>
F:\Git\web_mywatchlist>
F:\Git\web_mywatchlist>
F:\Git\web_mywatchlist>
F:\Git\web_mywatchlist>
F:\Git\web_mywatchlist>
F:\Git\web_mywatchlist>
F:\Git\web_mywatchlist>